[ 4347242ms] [ERROR] Failed to load resource: net::ERR_CONNECTION_CLOSED @ https://avatars.githubusercontent.com/u/29765299?v=4:0
[ 7127060ms] [ERROR] Failed to load resource: net::ERR_CONNECTION_CLOSED @ https://avatars.githubusercontent.com/u/29765299?v=4:0
[ 8894721ms] [ERROR] Failed to load resource: net::ERR_CONNECTION_CLOSED @ https://avatars.githubusercontent.com/u/29765299?v=4:0
[ 8924728ms] [ERROR] Failed to load resource: net::ERR_CONNECTION_CLOSED @ https://rrwwmtssxyuqhjnguvrg.supabase.co/auth/v1/token?grant_type=refresh_token:0
[ 8924728ms] [ERROR] TypeError: Failed to fetch
    at http://localhost/assets/index-NZtNAU4o.js:94:2954
    at YD (http://localhost/assets/index-NZtNAU4o.js:94:9790)
    at Y (http://localhost/assets/index-NZtNAU4o.js:94:9539)
    at http://localhost/assets/index-NZtNAU4o.js:110:20304
    at http://localhost/assets/index-NZtNAU4o.js:94:3864
    at http://localhost/assets/index-NZtNAU4o.js:94:3935
    at new Promise (<anonymous>)
    at MD (http://localhost/assets/index-NZtNAU4o.js:94:3793)
    at BP._refreshAccessToken (http://localhost/assets/index-NZtNAU4o.js:110:20212)
    at BP._callRefreshToken (http://localhost/assets/index-NZtNAU4o.js:110:23125) @ http://localhost/assets/index-NZtNAU4o.js:93
[ 8934942ms] [ERROR] Failed to load resource: net::ERR_CONNECTION_CLOSED @ https://rrwwmtssxyuqhjnguvrg.supabase.co/auth/v1/token?grant_type=refresh_token:0
[ 8934942ms] [ERROR] TypeError: Failed to fetch
    at http://localhost/assets/index-NZtNAU4o.js:94:2954
    at YD (http://localhost/assets/index-NZtNAU4o.js:94:9790)
    at Y (http://localhost/assets/index-NZtNAU4o.js:94:9539)
    at http://localhost/assets/index-NZtNAU4o.js:110:20304
    at async http://localhost/assets/index-NZtNAU4o.js:94:3858 @ http://localhost/assets/index-NZtNAU4o.js:93
[ 8945351ms] [ERROR] Failed to load resource: net::ERR_CONNECTION_CLOSED @ https://rrwwmtssxyuqhjnguvrg.supabase.co/auth/v1/token?grant_type=refresh_token:0
[ 8945352ms] [ERROR] TypeError: Failed to fetch
    at http://localhost/assets/index-NZtNAU4o.js:94:2954
    at YD (http://localhost/assets/index-NZtNAU4o.js:94:9790)
    at Y (http://localhost/assets/index-NZtNAU4o.js:94:9539)
    at http://localhost/assets/index-NZtNAU4o.js:110:20304
    at async http://localhost/assets/index-NZtNAU4o.js:94:3858 @ http://localhost/assets/index-NZtNAU4o.js:93
[ 8955357ms] [ERROR] Failed to load resource: net::ERR_CONNECTION_CLOSED @ https://rrwwmtssxyuqhjnguvrg.supabase.co/auth/v1/token?grant_type=refresh_token:0
[ 8955357ms] [ERROR] TypeError: Failed to fetch
    at http://localhost/assets/index-NZtNAU4o.js:94:2954
    at YD (http://localhost/assets/index-NZtNAU4o.js:94:9790)
    at Y (http://localhost/assets/index-NZtNAU4o.js:94:9539)
    at http://localhost/assets/index-NZtNAU4o.js:110:20304
    at http://localhost/assets/index-NZtNAU4o.js:94:3864
    at http://localhost/assets/index-NZtNAU4o.js:94:3935
    at new Promise (<anonymous>)
    at MD (http://localhost/assets/index-NZtNAU4o.js:94:3793)
    at BP._refreshAccessToken (http://localhost/assets/index-NZtNAU4o.js:110:20212)
    at BP._callRefreshToken (http://localhost/assets/index-NZtNAU4o.js:110:23125) @ http://localhost/assets/index-NZtNAU4o.js:93
[ 8965566ms] [ERROR] Failed to load resource: net::ERR_CONNECTION_CLOSED @ https://rrwwmtssxyuqhjnguvrg.supabase.co/auth/v1/token?grant_type=refresh_token:0
[ 8965566ms] [ERROR] TypeError: Failed to fetch
    at http://localhost/assets/index-NZtNAU4o.js:94:2954
    at YD (http://localhost/assets/index-NZtNAU4o.js:94:9790)
    at Y (http://localhost/assets/index-NZtNAU4o.js:94:9539)
    at http://localhost/assets/index-NZtNAU4o.js:110:20304
    at async http://localhost/assets/index-NZtNAU4o.js:94:3858 @ http://localhost/assets/index-NZtNAU4o.js:93
[ 8975983ms] [ERROR] Failed to load resource: net::ERR_CONNECTION_CLOSED @ https://rrwwmtssxyuqhjnguvrg.supabase.co/auth/v1/token?grant_type=refresh_token:0
[ 8975983ms] [ERROR] TypeError: Failed to fetch
    at http://localhost/assets/index-NZtNAU4o.js:94:2954
    at YD (http://localhost/assets/index-NZtNAU4o.js:94:9790)
    at Y (http://localhost/assets/index-NZtNAU4o.js:94:9539)
    at http://localhost/assets/index-NZtNAU4o.js:110:20304
    at async http://localhost/assets/index-NZtNAU4o.js:94:3858 @ http://localhost/assets/index-NZtNAU4o.js:93
[ 8985987ms] [ERROR] Failed to load resource: net::ERR_CONNECTION_CLOSED @ https://rrwwmtssxyuqhjnguvrg.supabase.co/auth/v1/token?grant_type=refresh_token:0
[ 8985987ms] [ERROR] TypeError: Failed to fetch
    at http://localhost/assets/index-NZtNAU4o.js:94:2954
    at YD (http://localhost/assets/index-NZtNAU4o.js:94:9790)
    at Y (http://localhost/assets/index-NZtNAU4o.js:94:9539)
    at http://localhost/assets/index-NZtNAU4o.js:110:20304
    at http://localhost/assets/index-NZtNAU4o.js:94:3864
    at http://localhost/assets/index-NZtNAU4o.js:94:3935
    at new Promise (<anonymous>)
    at MD (http://localhost/assets/index-NZtNAU4o.js:94:3793)
    at BP._refreshAccessToken (http://localhost/assets/index-NZtNAU4o.js:110:20212)
    at BP._callRefreshToken (http://localhost/assets/index-NZtNAU4o.js:110:23125) @ http://localhost/assets/index-NZtNAU4o.js:93
[ 8996201ms] [ERROR] Failed to load resource: net::ERR_CONNECTION_CLOSED @ https://rrwwmtssxyuqhjnguvrg.supabase.co/auth/v1/token?grant_type=refresh_token:0
[ 8996201ms] [ERROR] TypeError: Failed to fetch
    at http://localhost/assets/index-NZtNAU4o.js:94:2954
    at YD (http://localhost/assets/index-NZtNAU4o.js:94:9790)
    at Y (http://localhost/assets/index-NZtNAU4o.js:94:9539)
    at http://localhost/assets/index-NZtNAU4o.js:110:20304
    at async http://localhost/assets/index-NZtNAU4o.js:94:3858 @ http://localhost/assets/index-NZtNAU4o.js:93
[ 9006611ms] [ERROR] Failed to load resource: net::ERR_CONNECTION_CLOSED @ https://rrwwmtssxyuqhjnguvrg.supabase.co/auth/v1/token?grant_type=refresh_token:0
[ 9006611ms] [ERROR] TypeError: Failed to fetch
    at http://localhost/assets/index-NZtNAU4o.js:94:2954
    at YD (http://localhost/assets/index-NZtNAU4o.js:94:9790)
    at Y (http://localhost/assets/index-NZtNAU4o.js:94:9539)
    at http://localhost/assets/index-NZtNAU4o.js:110:20304
    at async http://localhost/assets/index-NZtNAU4o.js:94:3858 @ http://localhost/assets/index-NZtNAU4o.js:93
[ 9016616ms] [ERROR] Failed to load resource: net::ERR_CONNECTION_CLOSED @ https://rrwwmtssxyuqhjnguvrg.supabase.co/auth/v1/token?grant_type=refresh_token:0
[ 9016616ms] [ERROR] TypeError: Failed to fetch
    at http://localhost/assets/index-NZtNAU4o.js:94:2954
    at YD (http://localhost/assets/index-NZtNAU4o.js:94:9790)
    at Y (http://localhost/assets/index-NZtNAU4o.js:94:9539)
    at http://localhost/assets/index-NZtNAU4o.js:110:20304
    at http://localhost/assets/index-NZtNAU4o.js:94:3864
    at http://localhost/assets/index-NZtNAU4o.js:94:3935
    at new Promise (<anonymous>)
    at MD (http://localhost/assets/index-NZtNAU4o.js:94:3793)
    at BP._refreshAccessToken (http://localhost/assets/index-NZtNAU4o.js:110:20212)
    at BP._callRefreshToken (http://localhost/assets/index-NZtNAU4o.js:110:23125) @ http://localhost/assets/index-NZtNAU4o.js:93
[ 9026824ms] [ERROR] Failed to load resource: net::ERR_CONNECTION_CLOSED @ https://rrwwmtssxyuqhjnguvrg.supabase.co/auth/v1/token?grant_type=refresh_token:0
[ 9026824ms] [ERROR] TypeError: Failed to fetch
    at http://localhost/assets/index-NZtNAU4o.js:94:2954
    at YD (http://localhost/assets/index-NZtNAU4o.js:94:9790)
    at Y (http://localhost/assets/index-NZtNAU4o.js:94:9539)
    at http://localhost/assets/index-NZtNAU4o.js:110:20304
    at async http://localhost/assets/index-NZtNAU4o.js:94:3858 @ http://localhost/assets/index-NZtNAU4o.js:93
[ 9037235ms] [ERROR] Failed to load resource: net::ERR_CONNECTION_CLOSED @ https://rrwwmtssxyuqhjnguvrg.supabase.co/auth/v1/token?grant_type=refresh_token:0
[ 9037235ms] [ERROR] TypeError: Failed to fetch
    at http://localhost/assets/index-NZtNAU4o.js:94:2954
    at YD (http://localhost/assets/index-NZtNAU4o.js:94:9790)
    at Y (http://localhost/assets/index-NZtNAU4o.js:94:9539)
    at http://localhost/assets/index-NZtNAU4o.js:110:20304
    at async http://localhost/assets/index-NZtNAU4o.js:94:3858 @ http://localhost/assets/index-NZtNAU4o.js:93
[ 9047239ms] [ERROR] Failed to load resource: net::ERR_CONNECTION_CLOSED @ https://rrwwmtssxyuqhjnguvrg.supabase.co/auth/v1/token?grant_type=refresh_token:0
[ 9047240ms] [ERROR] TypeError: Failed to fetch
    at http://localhost/assets/index-NZtNAU4o.js:94:2954
    at YD (http://localhost/assets/index-NZtNAU4o.js:94:9790)
    at Y (http://localhost/assets/index-NZtNAU4o.js:94:9539)
    at http://localhost/assets/index-NZtNAU4o.js:110:20304
    at http://localhost/assets/index-NZtNAU4o.js:94:3864
    at http://localhost/assets/index-NZtNAU4o.js:94:3935
    at new Promise (<anonymous>)
    at MD (http://localhost/assets/index-NZtNAU4o.js:94:3793)
    at BP._refreshAccessToken (http://localhost/assets/index-NZtNAU4o.js:110:20212)
    at BP._callRefreshToken (http://localhost/assets/index-NZtNAU4o.js:110:23125) @ http://localhost/assets/index-NZtNAU4o.js:93
[ 9057449ms] [ERROR] Failed to load resource: net::ERR_CONNECTION_CLOSED @ https://rrwwmtssxyuqhjnguvrg.supabase.co/auth/v1/token?grant_type=refresh_token:0
[ 9057449ms] [ERROR] TypeError: Failed to fetch
    at http://localhost/assets/index-NZtNAU4o.js:94:2954
    at YD (http://localhost/assets/index-NZtNAU4o.js:94:9790)
    at Y (http://localhost/assets/index-NZtNAU4o.js:94:9539)
    at http://localhost/assets/index-NZtNAU4o.js:110:20304
    at async http://localhost/assets/index-NZtNAU4o.js:94:3858 @ http://localhost/assets/index-NZtNAU4o.js:93
[ 9067858ms] [ERROR] Failed to load resource: net::ERR_CONNECTION_CLOSED @ https://rrwwmtssxyuqhjnguvrg.supabase.co/auth/v1/token?grant_type=refresh_token:0
[ 9067859ms] [ERROR] TypeError: Failed to fetch
    at http://localhost/assets/index-NZtNAU4o.js:94:2954
    at YD (http://localhost/assets/index-NZtNAU4o.js:94:9790)
    at Y (http://localhost/assets/index-NZtNAU4o.js:94:9539)
    at http://localhost/assets/index-NZtNAU4o.js:110:20304
    at async http://localhost/assets/index-NZtNAU4o.js:94:3858 @ http://localhost/assets/index-NZtNAU4o.js:93
[ 9077863ms] [ERROR] Failed to load resource: net::ERR_CONNECTION_CLOSED @ https://rrwwmtssxyuqhjnguvrg.supabase.co/auth/v1/token?grant_type=refresh_token:0
[ 9077863ms] [ERROR] TypeError: Failed to fetch
    at http://localhost/assets/index-NZtNAU4o.js:94:2954
    at YD (http://localhost/assets/index-NZtNAU4o.js:94:9790)
    at Y (http://localhost/assets/index-NZtNAU4o.js:94:9539)
    at http://localhost/assets/index-NZtNAU4o.js:110:20304
    at http://localhost/assets/index-NZtNAU4o.js:94:3864
    at http://localhost/assets/index-NZtNAU4o.js:94:3935
    at new Promise (<anonymous>)
    at MD (http://localhost/assets/index-NZtNAU4o.js:94:3793)
    at BP._refreshAccessToken (http://localhost/assets/index-NZtNAU4o.js:110:20212)
    at BP._callRefreshToken (http://localhost/assets/index-NZtNAU4o.js:110:23125) @ http://localhost/assets/index-NZtNAU4o.js:93
[ 9088068ms] [ERROR] Failed to load resource: net::ERR_CONNECTION_CLOSED @ https://rrwwmtssxyuqhjnguvrg.supabase.co/auth/v1/token?grant_type=refresh_token:0
[ 9088068ms] [ERROR] TypeError: Failed to fetch
    at http://localhost/assets/index-NZtNAU4o.js:94:2954
    at YD (http://localhost/assets/index-NZtNAU4o.js:94:9790)
    at Y (http://localhost/assets/index-NZtNAU4o.js:94:9539)
    at http://localhost/assets/index-NZtNAU4o.js:110:20304
    at async http://localhost/assets/index-NZtNAU4o.js:94:3858 @ http://localhost/assets/index-NZtNAU4o.js:93
[ 9098473ms] [ERROR] Failed to load resource: net::ERR_CONNECTION_CLOSED @ https://rrwwmtssxyuqhjnguvrg.supabase.co/auth/v1/token?grant_type=refresh_token:0
[ 9098474ms] [ERROR] TypeError: Failed to fetch
    at http://localhost/assets/index-NZtNAU4o.js:94:2954
    at YD (http://localhost/assets/index-NZtNAU4o.js:94:9790)
    at Y (http://localhost/assets/index-NZtNAU4o.js:94:9539)
    at http://localhost/assets/index-NZtNAU4o.js:110:20304
    at async http://localhost/assets/index-NZtNAU4o.js:94:3858 @ http://localhost/assets/index-NZtNAU4o.js:93
[ 9108479ms] [ERROR] Failed to load resource: net::ERR_CONNECTION_CLOSED @ https://rrwwmtssxyuqhjnguvrg.supabase.co/auth/v1/token?grant_type=refresh_token:0
[ 9108479ms] [ERROR] TypeError: Failed to fetch
    at http://localhost/assets/index-NZtNAU4o.js:94:2954
    at YD (http://localhost/assets/index-NZtNAU4o.js:94:9790)
    at Y (http://localhost/assets/index-NZtNAU4o.js:94:9539)
    at http://localhost/assets/index-NZtNAU4o.js:110:20304
    at http://localhost/assets/index-NZtNAU4o.js:94:3864
    at http://localhost/assets/index-NZtNAU4o.js:94:3935
    at new Promise (<anonymous>)
    at MD (http://localhost/assets/index-NZtNAU4o.js:94:3793)
    at BP._refreshAccessToken (http://localhost/assets/index-NZtNAU4o.js:110:20212)
    at BP._callRefreshToken (http://localhost/assets/index-NZtNAU4o.js:110:23125) @ http://localhost/assets/index-NZtNAU4o.js:93
[ 9122146ms] [ERROR] Failed to load resource: net::ERR_CONNECTION_CLOSED @ https://rrwwmtssxyuqhjnguvrg.supabase.co/auth/v1/token?grant_type=refresh_token:0
[ 9122146ms] [ERROR] TypeError: Failed to fetch
    at http://localhost/assets/index-NZtNAU4o.js:94:2954
    at YD (http://localhost/assets/index-NZtNAU4o.js:94:9790)
    at Y (http://localhost/assets/index-NZtNAU4o.js:94:9539)
    at http://localhost/assets/index-NZtNAU4o.js:110:20304
    at async http://localhost/assets/index-NZtNAU4o.js:94:3858 @ http://localhost/assets/index-NZtNAU4o.js:93
[ 9132574ms] [ERROR] Failed to load resource: net::ERR_CONNECTION_CLOSED @ https://rrwwmtssxyuqhjnguvrg.supabase.co/auth/v1/token?grant_type=refresh_token:0
[ 9132574ms] [ERROR] TypeError: Failed to fetch
    at http://localhost/assets/index-NZtNAU4o.js:94:2954
    at YD (http://localhost/assets/index-NZtNAU4o.js:94:9790)
    at Y (http://localhost/assets/index-NZtNAU4o.js:94:9539)
    at http://localhost/assets/index-NZtNAU4o.js:110:20304
    at async http://localhost/assets/index-NZtNAU4o.js:94:3858 @ http://localhost/assets/index-NZtNAU4o.js:93
[ 9142581ms] [ERROR] Failed to load resource: net::ERR_CONNECTION_CLOSED @ https://rrwwmtssxyuqhjnguvrg.supabase.co/auth/v1/token?grant_type=refresh_token:0
[ 9142581ms] [ERROR] TypeError: Failed to fetch
    at http://localhost/assets/index-NZtNAU4o.js:94:2954
    at YD (http://localhost/assets/index-NZtNAU4o.js:94:9790)
    at Y (http://localhost/assets/index-NZtNAU4o.js:94:9539)
    at http://localhost/assets/index-NZtNAU4o.js:110:20304
    at http://localhost/assets/index-NZtNAU4o.js:94:3864
    at http://localhost/assets/index-NZtNAU4o.js:94:3935
    at new Promise (<anonymous>)
    at MD (http://localhost/assets/index-NZtNAU4o.js:94:3793)
    at BP._refreshAccessToken (http://localhost/assets/index-NZtNAU4o.js:110:20212)
    at BP._callRefreshToken (http://localhost/assets/index-NZtNAU4o.js:110:23125) @ http://localhost/assets/index-NZtNAU4o.js:93
[ 9152793ms] [ERROR] Failed to load resource: net::ERR_CONNECTION_CLOSED @ https://rrwwmtssxyuqhjnguvrg.supabase.co/auth/v1/token?grant_type=refresh_token:0
[ 9152793ms] [ERROR] TypeError: Failed to fetch
    at http://localhost/assets/index-NZtNAU4o.js:94:2954
    at YD (http://localhost/assets/index-NZtNAU4o.js:94:9790)
    at Y (http://localhost/assets/index-NZtNAU4o.js:94:9539)
    at http://localhost/assets/index-NZtNAU4o.js:110:20304
    at async http://localhost/assets/index-NZtNAU4o.js:94:3858 @ http://localhost/assets/index-NZtNAU4o.js:93
[ 9163199ms] [ERROR] Failed to load resource: net::ERR_CONNECTION_CLOSED @ https://rrwwmtssxyuqhjnguvrg.supabase.co/auth/v1/token?grant_type=refresh_token:0
[ 9163199ms] [ERROR] TypeError: Failed to fetch
    at http://localhost/assets/index-NZtNAU4o.js:94:2954
    at YD (http://localhost/assets/index-NZtNAU4o.js:94:9790)
    at Y (http://localhost/assets/index-NZtNAU4o.js:94:9539)
    at http://localhost/assets/index-NZtNAU4o.js:110:20304
    at async http://localhost/assets/index-NZtNAU4o.js:94:3858 @ http://localhost/assets/index-NZtNAU4o.js:93
[ 9173204ms] [ERROR] Failed to load resource: net::ERR_CONNECTION_CLOSED @ https://rrwwmtssxyuqhjnguvrg.supabase.co/auth/v1/token?grant_type=refresh_token:0
[ 9173204ms] [ERROR] TypeError: Failed to fetch
    at http://localhost/assets/index-NZtNAU4o.js:94:2954
    at YD (http://localhost/assets/index-NZtNAU4o.js:94:9790)
    at Y (http://localhost/assets/index-NZtNAU4o.js:94:9539)
    at http://localhost/assets/index-NZtNAU4o.js:110:20304
    at http://localhost/assets/index-NZtNAU4o.js:94:3864
    at http://localhost/assets/index-NZtNAU4o.js:94:3935
    at new Promise (<anonymous>)
    at MD (http://localhost/assets/index-NZtNAU4o.js:94:3793)
    at BP._refreshAccessToken (http://localhost/assets/index-NZtNAU4o.js:110:20212)
    at BP._callRefreshToken (http://localhost/assets/index-NZtNAU4o.js:110:23125) @ http://localhost/assets/index-NZtNAU4o.js:93
[ 9183414ms] [ERROR] Failed to load resource: net::ERR_CONNECTION_CLOSED @ https://rrwwmtssxyuqhjnguvrg.supabase.co/auth/v1/token?grant_type=refresh_token:0
[ 9183414ms] [ERROR] TypeError: Failed to fetch
    at http://localhost/assets/index-NZtNAU4o.js:94:2954
    at YD (http://localhost/assets/index-NZtNAU4o.js:94:9790)
    at Y (http://localhost/assets/index-NZtNAU4o.js:94:9539)
    at http://localhost/assets/index-NZtNAU4o.js:110:20304
    at async http://localhost/assets/index-NZtNAU4o.js:94:3858 @ http://localhost/assets/index-NZtNAU4o.js:93
[ 9193828ms] [ERROR] Failed to load resource: net::ERR_CONNECTION_CLOSED @ https://rrwwmtssxyuqhjnguvrg.supabase.co/auth/v1/token?grant_type=refresh_token:0
[ 9193828ms] [ERROR] TypeError: Failed to fetch
    at http://localhost/assets/index-NZtNAU4o.js:94:2954
    at YD (http://localhost/assets/index-NZtNAU4o.js:94:9790)
    at Y (http://localhost/assets/index-NZtNAU4o.js:94:9539)
    at http://localhost/assets/index-NZtNAU4o.js:110:20304
    at async http://localhost/assets/index-NZtNAU4o.js:94:3858 @ http://localhost/assets/index-NZtNAU4o.js:93
[ 9203835ms] [ERROR] Failed to load resource: net::ERR_CONNECTION_CLOSED @ https://rrwwmtssxyuqhjnguvrg.supabase.co/auth/v1/token?grant_type=refresh_token:0
[ 9203835ms] [ERROR] TypeError: Failed to fetch
    at http://localhost/assets/index-NZtNAU4o.js:94:2954
    at YD (http://localhost/assets/index-NZtNAU4o.js:94:9790)
    at Y (http://localhost/assets/index-NZtNAU4o.js:94:9539)
    at http://localhost/assets/index-NZtNAU4o.js:110:20304
    at http://localhost/assets/index-NZtNAU4o.js:94:3864
    at http://localhost/assets/index-NZtNAU4o.js:94:3935
    at new Promise (<anonymous>)
    at MD (http://localhost/assets/index-NZtNAU4o.js:94:3793)
    at BP._refreshAccessToken (http://localhost/assets/index-NZtNAU4o.js:110:20212)
    at BP._callRefreshToken (http://localhost/assets/index-NZtNAU4o.js:110:23125) @ http://localhost/assets/index-NZtNAU4o.js:93
[ 9214043ms] [ERROR] Failed to load resource: net::ERR_CONNECTION_CLOSED @ https://rrwwmtssxyuqhjnguvrg.supabase.co/auth/v1/token?grant_type=refresh_token:0
[ 9214044ms] [ERROR] TypeError: Failed to fetch
    at http://localhost/assets/index-NZtNAU4o.js:94:2954
    at YD (http://localhost/assets/index-NZtNAU4o.js:94:9790)
    at Y (http://localhost/assets/index-NZtNAU4o.js:94:9539)
    at http://localhost/assets/index-NZtNAU4o.js:110:20304
    at async http://localhost/assets/index-NZtNAU4o.js:94:3858 @ http://localhost/assets/index-NZtNAU4o.js:93
[ 9224456ms] [ERROR] Failed to load resource: net::ERR_CONNECTION_CLOSED @ https://rrwwmtssxyuqhjnguvrg.supabase.co/auth/v1/token?grant_type=refresh_token:0
[ 9224456ms] [ERROR] TypeError: Failed to fetch
    at http://localhost/assets/index-NZtNAU4o.js:94:2954
    at YD (http://localhost/assets/index-NZtNAU4o.js:94:9790)
    at Y (http://localhost/assets/index-NZtNAU4o.js:94:9539)
    at http://localhost/assets/index-NZtNAU4o.js:110:20304
    at async http://localhost/assets/index-NZtNAU4o.js:94:3858 @ http://localhost/assets/index-NZtNAU4o.js:93
[ 9234460ms] [ERROR] Failed to load resource: net::ERR_CONNECTION_CLOSED @ https://rrwwmtssxyuqhjnguvrg.supabase.co/auth/v1/token?grant_type=refresh_token:0
[ 9234460ms] [ERROR] TypeError: Failed to fetch
    at http://localhost/assets/index-NZtNAU4o.js:94:2954
    at YD (http://localhost/assets/index-NZtNAU4o.js:94:9790)
    at Y (http://localhost/assets/index-NZtNAU4o.js:94:9539)
    at http://localhost/assets/index-NZtNAU4o.js:110:20304
    at http://localhost/assets/index-NZtNAU4o.js:94:3864
    at http://localhost/assets/index-NZtNAU4o.js:94:3935
    at new Promise (<anonymous>)
    at MD (http://localhost/assets/index-NZtNAU4o.js:94:3793)
    at BP._refreshAccessToken (http://localhost/assets/index-NZtNAU4o.js:110:20212)
    at BP._callRefreshToken (http://localhost/assets/index-NZtNAU4o.js:110:23125) @ http://localhost/assets/index-NZtNAU4o.js:93
[15551297ms] [ERROR] Failed to load resource: the server responded with a status of 404 (Not Found) @ http://localhost/content/tutorials//%E5%9F%BA%E7%A1%80%E6%A8%A1%E5%9E%8B.md:0
[15551297ms] [ERROR] Failed to load tutorial content for 基础模型: Error: Failed to load: 404
    at sM (http://localhost/assets/index-C9SdWQ9w.js:110:71788)
    at async http://localhost/assets/index-C9SdWQ9w.js:153:91660 @ http://localhost/assets/index-C9SdWQ9w.js:109
[15559052ms] [ERROR] Failed to load resource: the server responded with a status of 404 (Not Found) @ http://localhost/content/tutorials//%E5%9F%BA%E7%A1%80%E6%A8%A1%E5%9E%8B.md:0
[15559053ms] [ERROR] Failed to load tutorial content for 基础模型: Error: Failed to load: 404
    at sM (http://localhost/assets/index-C9SdWQ9w.js:110:71788)
    at async http://localhost/assets/index-C9SdWQ9w.js:153:91660 @ http://localhost/assets/index-C9SdWQ9w.js:109
